lv_color.h:291:24:lv_color_to32	24	static
lv_area.h:83:26:lv_area_get_width	16	static
tft.c:119:6:tft_init	56	static
tft.c:190:13:ex_disp_flush	64	static
tft.c:241:13:gpu_mem_blend	32	static
tft.c:265:13:gpu_mem_fill	56	static
tft.c:302:13:LCD_MspInit	64	static
tft.c:372:13:LCD_ClockConfig	8	static
tft.c:392:16:LCD_Init	16	static
tft.c:450:13:LCD_LayerRgb565Init	72	static
tft.c:481:13:LCD_DisplayOn	8	static
tft.c:489:13:DMA_Config	16	static
tft.c:534:13:DMA_TransferComplete	24	static
tft.c:563:13:DMA_TransferError	16	static
tft.c:573:6:DMA2_Stream0_IRQHandler	8	static
tft.c:582:13:Error_Handler	4	static
tft.c:595:13:DMA2D_TransferComplete	16	static
tft.c:607:13:DMA2D_TransferError	16	static
tft.c:626:13:DMA2D_Config	8	static
