main.c:112:5:main	16	static
main.c:186:6:SystemClock_Config	216	static
main.c:258:13:MX_ADC3_Init	24	static
main.c:308:13:MX_DCMI_Init	8	static
main.c:345:13:MX_DMA2D_Init	8	static
main.c:382:13:MX_LTDC_Init	64	static
main.c:444:13:MX_RTC_Init	80	static
main.c:537:13:MX_SAI2_Init	8	static
main.c:612:13:MX_TIM1_Init	96	static
main.c:682:13:MX_TIM2_Init	64	static
main.c:741:13:MX_TIM3_Init	64	static
main.c:800:13:MX_TIM5_Init	64	static
main.c:859:13:MX_TIM8_Init	40	static
main.c:906:13:MX_TIM12_Init	40	static
main.c:948:13:MX_USART1_UART_Init	8	static
main.c:983:13:MX_USART6_UART_Init	8	static
main.c:1018:13:MX_USB_OTG_FS_HCD_Init	8	static
main.c:1045:13:MX_FMC_Init	40	static
main.c:1096:13:MX_GPIO_Init	72	static
main.c:1376:6:HAL_TIM_PeriodElapsedCallback	16	static
main.c:1393:6:Error_Handler	4	static
