stm32f7xx_hal_msp.c:66:6:HAL_MspInit	16	static
stm32f7xx_hal_msp.c:88:6:HAL_ADC_MspInit	48	static
stm32f7xx_hal_msp.c:133:6:HAL_ADC_MspDeInit	16	static
stm32f7xx_hal_msp.c:169:6:HAL_DCMI_MspInit	64	static
stm32f7xx_hal_msp.c:247:6:HAL_DCMI_MspDeInit	16	static
stm32f7xx_hal_msp.c:294:6:HAL_DMA2D_MspInit	24	static
stm32f7xx_hal_msp.c:316:6:HAL_DMA2D_MspDeInit	16	static
stm32f7xx_hal_msp.c:338:6:HAL_LTDC_MspInit	64	static
stm32f7xx_hal_msp.c:436:6:HAL_LTDC_MspDeInit	16	static
stm32f7xx_hal_msp.c:503:6:HAL_RTC_MspInit	16	static
stm32f7xx_hal_msp.c:525:6:HAL_RTC_MspDeInit	16	static
stm32f7xx_hal_msp.c:547:6:HAL_TIM_PWM_MspInit	24	static
stm32f7xx_hal_msp.c:580:6:HAL_TIM_Base_MspInit	32	static
stm32f7xx_hal_msp.c:629:6:HAL_TIM_MspPostInit	56	static
stm32f7xx_hal_msp.c:744:6:HAL_TIM_PWM_MspDeInit	16	static
stm32f7xx_hal_msp.c:777:6:HAL_TIM_Base_MspDeInit	16	static
stm32f7xx_hal_msp.c:832:6:HAL_UART_MspInit	56	static
stm32f7xx_hal_msp.c:900:6:HAL_UART_MspDeInit	16	static
stm32f7xx_hal_msp.c:949:6:HAL_HCD_MspInit	48	static
stm32f7xx_hal_msp.c:989:6:HAL_HCD_MspDeInit	16	static
stm32f7xx_hal_msp.c:1017:13:HAL_FMC_MspInit	32	static
stm32f7xx_hal_msp.c:1122:6:HAL_SDRAM_MspInit	16	static
stm32f7xx_hal_msp.c:1134:13:HAL_FMC_MspDeInit	8	static
stm32f7xx_hal_msp.c:1208:6:HAL_SDRAM_MspDeInit	16	static
stm32f7xx_hal_msp.c:1220:6:HAL_SAI_MspInit	48	static
stm32f7xx_hal_msp.c:1270:6:HAL_SAI_MspDeInit	16	static
