lv_color.h:389:26:lv_color_make	24	static
lv_color.h:427:26:lv_color_hex3	16	static
lv_disp.h:97:26:lv_scr_act	8	static
lv_label.h:185:20:lv_label_set_style	24	static
lv_slider.h:79:20:lv_slider_set_value	16	static
lv_slider.h:90:20:lv_slider_set_range	16	static
ledsurucu.c:71:6:ledSurucuMain	16	static
ledsurucu.c:80:6:StaticColorScreen	8	static
ledsurucu.c:87:6:ColorChooserScreen	8	static
ledsurucu.c:97:6:ColorChooserInformationScreen	8	static
ledsurucu.c:102:6:staticColorButtons	88	static
ledsurucu.c:249:6:ledRslider	32	static
ledsurucu.c:275:6:ledGslider	32	static
ledsurucu.c:301:6:ledBslider	32	static
ledsurucu.c:325:6:setNewColorButton	24	static
ledsurucu.c:340:6:outGoingColorContainer	24	static
ledsurucu.c:352:6:MenuDropList	24	static
ledsurucu.c:366:6:information	24	static
ledsurucu.c:376:13:ledRslider_event_handler	16	static
ledsurucu.c:389:13:ledGslider_event_handler	16	static
ledsurucu.c:402:13:ledBslider_event_handler	16	static
ledsurucu.c:415:13:setNewColorButton_event_handler	16	static
ledsurucu.c:426:13:staticColorButton0_event_handler	16	static
ledsurucu.c:438:13:staticColorButton1_event_handler	16	static
ledsurucu.c:450:13:staticColorButton2_event_handler	16	static
ledsurucu.c:462:13:staticColorButton3_event_handler	16	static
ledsurucu.c:474:13:staticColorButton4_event_handler	16	static
ledsurucu.c:486:13:staticColorButton5_event_handler	16	static
ledsurucu.c:498:13:staticColorButton6_event_handler	16	static
ledsurucu.c:510:13:staticColorButton7_event_handler	16	static
ledsurucu.c:522:13:staticColorButton8_event_handler	16	static
ledsurucu.c:534:13:staticColorButton9_event_handler	16	static
ledsurucu.c:546:13:staticColorButton10_event_handler	16	static
ledsurucu.c:558:13:staticColorButton11_event_handler	16	static
ledsurucu.c:570:13:staticColorButton12_event_handler	16	static
ledsurucu.c:582:13:staticColorButton13_event_handler	16	static
ledsurucu.c:594:13:staticColorButton14_event_handler	16	static
ledsurucu.c:606:13:MenuDropList_event_handler	32	static
ledsurucu.c:629:6:ledSliderStyle	16	static
ledsurucu.c:655:6:ledButtonStyle	16	static
ledsurucu.c:682:6:outGoingColorContainerStyle	16	static
ledsurucu.c:692:6:menuDownListStyle	16	static
ledsurucu.c:727:6:ledRgbValuesSet	24	static
