lv_color.h:326:26:lv_color_mix	24	static
lv_color.h:389:26:lv_color_make	24	static
lv_color.h:427:26:lv_color_hex3	16	static
lv_theme_default.c:54:13:basic_init	16	static
lv_theme_default.c:78:13:btn_init	4	static
lv_theme_default.c:89:13:label_init	16	static
lv_theme_default.c:107:13:img_init	4	static
lv_theme_default.c:116:13:line_init	4	static
lv_theme_default.c:124:13:led_init	8	static
lv_theme_default.c:140:13:bar_init	4	static
lv_theme_default.c:149:13:slider_init	8	static
lv_theme_default.c:164:13:sw_init	8	static
lv_theme_default.c:180:13:lmeter_init	16	static
lv_theme_default.c:194:13:gauge_init	16	static
lv_theme_default.c:209:13:chart_init	4	static
lv_theme_default.c:217:13:cb_init	4	static
lv_theme_default.c:230:13:btnm_init	4	static
lv_theme_default.c:243:13:kb_init	4	static
lv_theme_default.c:256:13:mbox_init	4	static
lv_theme_default.c:267:13:page_init	4	static
lv_theme_default.c:277:13:ta_init	4	static
lv_theme_default.c:288:13:list_init	4	static
lv_theme_default.c:303:13:ddlist_init	4	static
lv_theme_default.c:313:13:roller_init	4	static
lv_theme_default.c:322:13:tabview_init	4	static
lv_theme_default.c:336:13:table_init	4	static
lv_theme_default.c:344:13:win_init	4	static
lv_theme_default.c:359:13:style_mod	40	static
lv_theme_default.c:382:13:style_mod_edit	40	static
lv_theme_default.c:417:14:lv_theme_default_init	24	static
lv_theme_default.c:469:14:lv_theme_get_default	4	static
