lv_color.h:326:26:lv_color_mix	24	static
lv_color.h:389:26:lv_color_make	24	static
lv_color.h:427:26:lv_color_hex3	16	static
lv_theme_alien.c:68:13:basic_init	16	static
lv_theme_alien.c:147:13:cont_init	4	static
lv_theme_alien.c:154:13:btn_init	16	static
lv_theme_alien.c:216:13:label_init	16	static
lv_theme_alien.c:237:13:bar_init	16	static
lv_theme_alien.c:273:13:img_init	16	static
lv_theme_alien.c:290:13:line_init	16	static
lv_theme_alien.c:302:13:led_init	16	static
lv_theme_alien.c:320:13:slider_init	8	static
lv_theme_alien.c:338:13:sw_init	16	static
lv_theme_alien.c:370:13:lmeter_init	16	static
lv_theme_alien.c:386:13:gauge_init	16	static
lv_theme_alien.c:408:13:arc_init	16	static
lv_theme_alien.c:430:13:preload_init	4	static
lv_theme_alien.c:438:13:chart_init	4	static
lv_theme_alien.c:445:13:calendar_init	16	static
lv_theme_alien.c:487:13:cb_init	16	static
lv_theme_alien.c:540:13:btnm_init	16	static
lv_theme_alien.c:578:13:kb_init	4	static
lv_theme_alien.c:590:13:mbox_init	8	static
lv_theme_alien.c:604:13:page_init	4	static
lv_theme_alien.c:613:13:ta_init	4	static
lv_theme_alien.c:623:13:spinbox_init	4	static
lv_theme_alien.c:632:13:list_init	16	static
lv_theme_alien.c:673:13:ddlist_init	16	static
lv_theme_alien.c:695:13:roller_init	16	static
lv_theme_alien.c:720:13:tabview_init	16	static
lv_theme_alien.c:785:13:tileview_init	4	static
lv_theme_alien.c:794:13:table_init	8	static
lv_theme_alien.c:811:13:win_init	16	static
lv_theme_alien.c:842:13:style_mod	24	static
lv_theme_alien.c:856:13:style_mod_edit	40	static
lv_theme_alien.c:891:14:lv_theme_alien_init	24	static
lv_theme_alien.c:949:14:lv_theme_get_alien	4	static
