lv_color.h:389:26:lv_color_make	24	static
lv_color.h:427:26:lv_color_hex3	16	static
lv_theme_night.c:52:13:basic_init	16	static
lv_theme_night.c:101:13:cont_init	4	static
lv_theme_night.c:108:13:btn_init	16	static
lv_theme_night.c:161:13:label_init	16	static
lv_theme_night.c:180:13:line_init	4	static
lv_theme_night.c:188:13:led_init	16	static
lv_theme_night.c:206:13:img_init	4	static
lv_theme_night.c:215:13:bar_init	16	static
lv_theme_night.c:242:13:slider_init	8	static
lv_theme_night.c:255:13:sw_init	4	static
lv_theme_night.c:266:13:lmeter_init	16	static
lv_theme_night.c:283:13:gauge_init	16	static
lv_theme_night.c:298:13:arc_init	16	static
lv_theme_night.c:320:13:preload_init	4	static
lv_theme_night.c:328:13:chart_init	4	static
lv_theme_night.c:335:13:calendar_init	16	static
lv_theme_night.c:401:13:cb_init	16	static
lv_theme_night.c:448:13:btnm_init	8	static
lv_theme_night.c:495:13:kb_init	4	static
lv_theme_night.c:507:13:mbox_init	16	static
lv_theme_night.c:526:13:page_init	16	static
lv_theme_night.c:544:13:ta_init	4	static
lv_theme_night.c:554:13:spinbox_init	4	static
lv_theme_night.c:563:13:list_init	16	static
lv_theme_night.c:620:13:ddlist_init	16	static
lv_theme_night.c:642:13:roller_init	16	static
lv_theme_night.c:658:13:tabview_init	4	static
lv_theme_night.c:671:13:tileview_init	4	static
lv_theme_night.c:680:13:table_init	8	static
lv_theme_night.c:697:13:win_init	16	static
lv_theme_night.c:733:13:style_mod	24	static
lv_theme_night.c:750:13:style_mod_edit	16	static
lv_theme_night.c:779:14:lv_theme_night_init	24	static
lv_theme_night.c:837:14:lv_theme_get_night	4	static
