lv_color.h:326:26:lv_color_mix	24	static
lv_color.h:389:26:lv_color_make	24	static
lv_color.h:427:26:lv_color_hex3	16	static
lv_theme_nemo.c:70:13:basic_init	16	static
lv_theme_nemo.c:148:13:btn_init	16	static
lv_theme_nemo.c:206:13:label_init	16	static
lv_theme_nemo.c:227:13:bar_init	16	static
lv_theme_nemo.c:263:13:img_init	16	static
lv_theme_nemo.c:280:13:line_init	16	static
lv_theme_nemo.c:292:13:led_init	16	static
lv_theme_nemo.c:310:13:slider_init	8	static
lv_theme_nemo.c:328:13:sw_init	16	static
lv_theme_nemo.c:360:13:lmeter_init	16	static
lv_theme_nemo.c:375:13:gauge_init	16	static
lv_theme_nemo.c:397:13:arc_init	16	static
lv_theme_nemo.c:414:13:preload_init	4	static
lv_theme_nemo.c:422:13:chart_init	4	static
lv_theme_nemo.c:429:13:calendar_init	16	static
lv_theme_nemo.c:465:13:cb_init	16	static
lv_theme_nemo.c:518:13:btnm_init	16	static
lv_theme_nemo.c:556:13:kb_init	4	static
lv_theme_nemo.c:568:13:mbox_init	8	static
lv_theme_nemo.c:582:13:page_init	4	static
lv_theme_nemo.c:591:13:ta_init	4	static
lv_theme_nemo.c:601:13:spinbox_init	4	static
lv_theme_nemo.c:610:13:list_init	16	static
lv_theme_nemo.c:650:13:ddlist_init	16	static
lv_theme_nemo.c:672:13:roller_init	16	static
lv_theme_nemo.c:697:13:tabview_init	16	static
lv_theme_nemo.c:762:13:tileview_init	4	static
lv_theme_nemo.c:771:13:table_init	8	static
lv_theme_nemo.c:784:13:win_init	16	static
lv_theme_nemo.c:811:13:style_mod	24	static
lv_theme_nemo.c:829:13:style_mod_edit	40	static
lv_theme_nemo.c:864:14:lv_theme_nemo_init	24	static
lv_theme_nemo.c:921:14:lv_theme_get_nemo	4	static
