lv_color.h:326:26:lv_color_mix	24	static
lv_theme_templ.c:44:13:basic_init	8	static
lv_theme_templ.c:54:13:cont_init	4	static
lv_theme_templ.c:62:13:btn_init	4	static
lv_theme_templ.c:74:13:imgbtn_init	4	static
lv_theme_templ.c:85:13:label_init	4	static
lv_theme_templ.c:95:13:img_init	4	static
lv_theme_templ.c:104:13:line_init	4	static
lv_theme_templ.c:112:13:led_init	4	static
lv_theme_templ.c:120:13:bar_init	4	static
lv_theme_templ.c:129:13:slider_init	4	static
lv_theme_templ.c:139:13:sw_init	4	static
lv_theme_templ.c:150:13:lmeter_init	4	static
lv_theme_templ.c:158:13:gauge_init	4	static
lv_theme_templ.c:166:13:arc_init	4	static
lv_theme_templ.c:174:13:preload_init	4	static
lv_theme_templ.c:182:13:chart_init	4	static
lv_theme_templ.c:190:13:calendar_init	4	static
lv_theme_templ.c:205:13:cb_init	4	static
lv_theme_templ.c:218:13:btnm_init	4	static
lv_theme_templ.c:231:13:kb_init	4	static
lv_theme_templ.c:244:13:mbox_init	4	static
lv_theme_templ.c:255:13:page_init	4	static
lv_theme_templ.c:265:13:ta_init	4	static
lv_theme_templ.c:276:13:list_init	4	static
lv_theme_templ.c:291:13:ddlist_init	4	static
lv_theme_templ.c:301:13:roller_init	4	static
lv_theme_templ.c:310:13:tabview_init	4	static
lv_theme_templ.c:324:13:table_init	4	static
lv_theme_templ.c:332:13:win_init	4	static
lv_theme_templ.c:347:13:style_mod	40	static
lv_theme_templ.c:371:13:style_mod_edit	40	static
lv_theme_templ.c:407:14:lv_theme_templ_init	24	static
lv_theme_templ.c:464:14:lv_theme_get_templ	4	static
